Archive member included because of file (symbol)

f:/courses/imt course/02-tools/03-imt sdk/03- imt sdk/imt_sdk_win_64/winavr/bin/../lib/gcc/avr/4.3.3/avr5\libgcc.a(_exit.o)
                              f:/courses/imt course/02-tools/03-imt sdk/03- imt sdk/imt_sdk_win_64/winavr/bin/../lib/gcc/avr/4.3.3/../../../../avr/lib/avr5/crtm32.o (exit)
f:/courses/imt course/02-tools/03-imt sdk/03- imt sdk/imt_sdk_win_64/winavr/bin/../lib/gcc/avr/4.3.3/avr5\libgcc.a(_copy_data.o)
                              ./App.o (__do_copy_data)
f:/courses/imt course/02-tools/03-imt sdk/03- imt sdk/imt_sdk_win_64/winavr/bin/../lib/gcc/avr/4.3.3/avr5\libgcc.a(_clear_bss.o)
                              ./Timer0_program.o (__do_clear_bss)

Allocating common symbols
Common symbol       size              file

ADC_CallBack        0x2               ./USART_program.o

Memory Configuration

Name             Origin             Length             Attributes
text             0x00000000         0x00020000         xr
data             0x00800060         0x0000ffa0         rw !x
eeprom           0x00810000         0x00010000         rw !x
fuse             0x00820000         0x00000400         rw !x
lock             0x00830000         0x00000400         rw !x
signature        0x00840000         0x00000400         rw !x
*default*        0x00000000         0xffffffff

Linker script and memory map

LOAD f:/courses/imt course/02-tools/03-imt sdk/03- imt sdk/imt_sdk_win_64/winavr/bin/../lib/gcc/avr/4.3.3/../../../../avr/lib/avr5/crtm32.o
LOAD ./App.o
LOAD ./BUZZER_program.o
LOAD ./DIO_program.o
LOAD ./DOOR_program.o
LOAD ./FAN_program.o
LOAD ./Timer0_program.o
LOAD ./Timer1_program.o
LOAD ./USART_program.o
LOAD f:/courses/imt course/02-tools/03-imt sdk/03- imt sdk/imt_sdk_win_64/winavr/bin/../lib/gcc/avr/4.3.3/avr5\libgcc.a
LOAD f:/courses/imt course/02-tools/03-imt sdk/03- imt sdk/imt_sdk_win_64/winavr/bin/../lib/gcc/avr/4.3.3/../../../../avr/lib/avr5\libc.a
LOAD f:/courses/imt course/02-tools/03-imt sdk/03- imt sdk/imt_sdk_win_64/winavr/bin/../lib/gcc/avr/4.3.3/avr5\libgcc.a

.hash
 *(.hash)

.dynsym
 *(.dynsym)

.dynstr
 *(.dynstr)

.gnu.version
 *(.gnu.version)

.gnu.version_d
 *(.gnu.version_d)

.gnu.version_r
 *(.gnu.version_r)

.rel.init
 *(.rel.init)

.rela.init
 *(.rela.init)

.rel.text
 *(.rel.text)
 *(.rel.text.*)
 *(.rel.gnu.linkonce.t*)

.rela.text
 *(.rela.text)
 *(.rela.text.*)
 *(.rela.gnu.linkonce.t*)

.rel.fini
 *(.rel.fini)

.rela.fini
 *(.rela.fini)

.rel.rodata
 *(.rel.rodata)
 *(.rel.rodata.*)
 *(.rel.gnu.linkonce.r*)

.rela.rodata
 *(.rela.rodata)
 *(.rela.rodata.*)
 *(.rela.gnu.linkonce.r*)

.rel.data
 *(.rel.data)
 *(.rel.data.*)
 *(.rel.gnu.linkonce.d*)

.rela.data
 *(.rela.data)
 *(.rela.data.*)
 *(.rela.gnu.linkonce.d*)

.rel.ctors
 *(.rel.ctors)

.rela.ctors
 *(.rela.ctors)

.rel.dtors
 *(.rel.dtors)

.rela.dtors
 *(.rela.dtors)

.rel.got
 *(.rel.got)

.rela.got
 *(.rela.got)

.rel.bss
 *(.rel.bss)

.rela.bss
 *(.rela.bss)

.rel.plt
 *(.rel.plt)

.rela.plt
 *(.rela.plt)

.text           0x00000000     0x10e6
 *(.vectors)
 .vectors       0x00000000       0x54 f:/courses/imt course/02-tools/03-imt sdk/03- imt sdk/imt_sdk_win_64/winavr/bin/../lib/gcc/avr/4.3.3/../../../../avr/lib/avr5/crtm32.o
                0x00000000                __vectors
                0x00000000                __vector_default
 *(.vectors)
 *(.progmem.gcc*)
 *(.progmem*)
                0x00000054                . = ALIGN (0x2)
                0x00000054                __trampolines_start = .
 *(.trampolines)
 .trampolines   0x00000054        0x0 linker stubs
 *(.trampolines*)
                0x00000054                __trampolines_end = .
 *(.jumptables)
 *(.jumptables*)
 *(.lowtext)
 *(.lowtext*)
                0x00000054                __ctors_start = .
 *(.ctors)
                0x00000054                __ctors_end = .
                0x00000054                __dtors_start = .
 *(.dtors)
                0x00000054                __dtors_end = .
 SORT(*)(.ctors)
 SORT(*)(.dtors)
 *(.init0)
 .init0         0x00000054        0x0 f:/courses/imt course/02-tools/03-imt sdk/03- imt sdk/imt_sdk_win_64/winavr/bin/../lib/gcc/avr/4.3.3/../../../../avr/lib/avr5/crtm32.o
                0x00000054                __init
 *(.init0)
 *(.init1)
 *(.init1)
 *(.init2)
 .init2         0x00000054        0xc f:/courses/imt course/02-tools/03-imt sdk/03- imt sdk/imt_sdk_win_64/winavr/bin/../lib/gcc/avr/4.3.3/../../../../avr/lib/avr5/crtm32.o
 *(.init2)
 *(.init3)
 *(.init3)
 *(.init4)
 .init4         0x00000060       0x16 f:/courses/imt course/02-tools/03-imt sdk/03- imt sdk/imt_sdk_win_64/winavr/bin/../lib/gcc/avr/4.3.3/avr5\libgcc.a(_copy_data.o)
                0x00000060                __do_copy_data
 .init4         0x00000076       0x10 f:/courses/imt course/02-tools/03-imt sdk/03- imt sdk/imt_sdk_win_64/winavr/bin/../lib/gcc/avr/4.3.3/avr5\libgcc.a(_clear_bss.o)
                0x00000076                __do_clear_bss
 *(.init4)
 *(.init5)
 *(.init5)
 *(.init6)
 *(.init6)
 *(.init7)
 *(.init7)
 *(.init8)
 *(.init8)
 *(.init9)
 .init9         0x00000086        0x8 f:/courses/imt course/02-tools/03-imt sdk/03- imt sdk/imt_sdk_win_64/winavr/bin/../lib/gcc/avr/4.3.3/../../../../avr/lib/avr5/crtm32.o
 *(.init9)
 *(.text)
 .text          0x0000008e        0x4 f:/courses/imt course/02-tools/03-imt sdk/03- imt sdk/imt_sdk_win_64/winavr/bin/../lib/gcc/avr/4.3.3/../../../../avr/lib/avr5/crtm32.o
                0x0000008e                __vector_1
                0x0000008e                __vector_12
                0x0000008e                __bad_interrupt
                0x0000008e                __vector_6
                0x0000008e                __vector_3
                0x0000008e                __vector_13
                0x0000008e                __vector_17
                0x0000008e                __vector_19
                0x0000008e                __vector_7
                0x0000008e                __vector_5
                0x0000008e                __vector_4
                0x0000008e                __vector_9
                0x0000008e                __vector_2
                0x0000008e                __vector_15
                0x0000008e                __vector_8
                0x0000008e                __vector_14
                0x0000008e                __vector_16
                0x0000008e                __vector_18
                0x0000008e                __vector_20
 .text          0x00000092        0x0 ./App.o
 .text          0x00000092        0x0 ./BUZZER_program.o
 .text          0x00000092        0x0 ./DIO_program.o
 .text          0x00000092        0x0 ./DOOR_program.o
 .text          0x00000092        0x0 ./FAN_program.o
 .text          0x00000092        0x0 ./Timer0_program.o
 .text          0x00000092        0x0 ./Timer1_program.o
 .text          0x00000092        0x0 ./USART_program.o
 .text          0x00000092        0x0 f:/courses/imt course/02-tools/03-imt sdk/03- imt sdk/imt_sdk_win_64/winavr/bin/../lib/gcc/avr/4.3.3/avr5\libgcc.a(_exit.o)
 .text          0x00000092        0x0 f:/courses/imt course/02-tools/03-imt sdk/03- imt sdk/imt_sdk_win_64/winavr/bin/../lib/gcc/avr/4.3.3/avr5\libgcc.a(_copy_data.o)
 .text          0x00000092        0x0 f:/courses/imt course/02-tools/03-imt sdk/03- imt sdk/imt_sdk_win_64/winavr/bin/../lib/gcc/avr/4.3.3/avr5\libgcc.a(_clear_bss.o)
                0x00000092                . = ALIGN (0x2)
 *(.text.*)
 .text.main     0x00000092      0x1c0 ./App.o
                0x00000092                main
 .text.Menu_HomeSmart
                0x00000252       0x4e ./App.o
                0x00000252                Menu_HomeSmart
 .text.order    0x000002a0       0xb0 ./App.o
                0x000002a0                order
 .text.compareStrings
                0x00000350       0xa4 ./App.o
                0x00000350                compareStrings
 .text.H_BUZZER_void_Init
                0x000003f4       0x18 ./BUZZER_program.o
                0x000003f4                H_BUZZER_void_Init
 .text.H_BUZZER_void_TurnOn
                0x0000040c       0x18 ./BUZZER_program.o
                0x0000040c                H_BUZZER_void_TurnOn
 .text.H_BUZZER_void_TurnOff
                0x00000424       0x18 ./BUZZER_program.o
                0x00000424                H_BUZZER_void_TurnOff
 .text.H_BUZZER_void_Toggle
                0x0000043c       0x16 ./BUZZER_program.o
                0x0000043c                H_BUZZER_void_Toggle
 .text.MDIO_voidSetPortDirection
                0x00000452       0xd2 ./DIO_program.o
                0x00000452                MDIO_voidSetPortDirection
 .text.MDIO_voidSetPortValue
                0x00000524       0xfa ./DIO_program.o
                0x00000524                MDIO_voidSetPortValue
 .text.MDIO_voidSetPinDirection
                0x0000061e      0x1e4 ./DIO_program.o
                0x0000061e                MDIO_voidSetPinDirection
 .text.MDIO_voidSetPinValue
                0x00000802      0x1e4 ./DIO_program.o
                0x00000802                MDIO_voidSetPinValue
 .text.MDIO_voidTogPinValue
                0x000009e6       0xfa ./DIO_program.o
                0x000009e6                MDIO_voidTogPinValue
 .text.MDIO_u8GetPinValue
                0x00000ae0       0xf2 ./DIO_program.o
                0x00000ae0                MDIO_u8GetPinValue
 .text.HDoor_voidInit
                0x00000bd2       0x1a ./DOOR_program.o
                0x00000bd2                HDoor_voidInit
 .text.HDoor_voidOpen
                0x00000bec       0x16 ./DOOR_program.o
                0x00000bec                HDoor_voidOpen
 .text.HDoor_voidClose
                0x00000c02       0x16 ./DOOR_program.o
                0x00000c02                HDoor_voidClose
 .text.HFAN_voidInit
                0x00000c18       0x1c ./FAN_program.o
                0x00000c18                HFAN_voidInit
 .text.HFAN_voidSpeedControl
                0x00000c34       0x1a ./FAN_program.o
                0x00000c34                HFAN_voidSpeedControl
 .text.MTIMER0_voidInitialize
                0x00000c4e       0x70 ./Timer0_program.o
                0x00000c4e                MTIMER0_voidInitialize
 .text.MTIMER0_voidSetCompareMatchValue
                0x00000cbe       0x1c ./Timer0_program.o
                0x00000cbe                MTIMER0_voidSetCompareMatchValue
 .text.MTIMER0_u8SetCallBack
                0x00000cda       0x3a ./Timer0_program.o
                0x00000cda                MTIMER0_u8SetCallBack
 .text.__vector_10
                0x00000d14       0xbc ./Timer0_program.o
                0x00000d14                __vector_10
 .text.__vector_11
                0x00000dd0       0xbc ./Timer0_program.o
                0x00000dd0                __vector_11
 .text.MTimer1_voidInit
                0x00000e8c       0x96 ./Timer1_program.o
                0x00000e8c                MTimer1_voidInit
 .text.MTimer1_voidSetDutyCycle
                0x00000f22       0x24 ./Timer1_program.o
                0x00000f22                MTimer1_voidSetDutyCycle
 .text.MTimer1_voidSetICR
                0x00000f46       0x24 ./Timer1_program.o
                0x00000f46                MTimer1_voidSetICR
 .text.MUSART_voidInit
                0x00000f6a       0x76 ./USART_program.o
                0x00000f6a                MUSART_voidInit
 .text.MUSART_voidSendData
                0x00000fe0       0x34 ./USART_program.o
                0x00000fe0                MUSART_voidSendData
 .text.MUSART_voidReceiveData
                0x00001014       0x34 ./USART_program.o
                0x00001014                MUSART_voidReceiveData
 .text.MUSART_voidSendMsg
                0x00001048       0x52 ./USART_program.o
                0x00001048                MUSART_voidSendMsg
 .text.MUSART_voidReceiveMsg
                0x0000109a       0x48 ./USART_program.o
                0x0000109a                MUSART_voidReceiveMsg
 .text.libgcc   0x000010e2        0x0 f:/courses/imt course/02-tools/03-imt sdk/03- imt sdk/imt_sdk_win_64/winavr/bin/../lib/gcc/avr/4.3.3/avr5\libgcc.a(_exit.o)
 .text.libgcc   0x000010e2        0x0 f:/courses/imt course/02-tools/03-imt sdk/03- imt sdk/imt_sdk_win_64/winavr/bin/../lib/gcc/avr/4.3.3/avr5\libgcc.a(_copy_data.o)
 .text.libgcc   0x000010e2        0x0 f:/courses/imt course/02-tools/03-imt sdk/03- imt sdk/imt_sdk_win_64/winavr/bin/../lib/gcc/avr/4.3.3/avr5\libgcc.a(_clear_bss.o)
                0x000010e2                . = ALIGN (0x2)
 *(.fini9)
 .fini9         0x000010e2        0x0 f:/courses/imt course/02-tools/03-imt sdk/03- imt sdk/imt_sdk_win_64/winavr/bin/../lib/gcc/avr/4.3.3/avr5\libgcc.a(_exit.o)
                0x000010e2                exit
                0x000010e2                _exit
 *(.fini9)
 *(.fini8)
 *(.fini8)
 *(.fini7)
 *(.fini7)
 *(.fini6)
 *(.fini6)
 *(.fini5)
 *(.fini5)
 *(.fini4)
 *(.fini4)
 *(.fini3)
 *(.fini3)
 *(.fini2)
 *(.fini2)
 *(.fini1)
 *(.fini1)
 *(.fini0)
 .fini0         0x000010e2        0x4 f:/courses/imt course/02-tools/03-imt sdk/03- imt sdk/imt_sdk_win_64/winavr/bin/../lib/gcc/avr/4.3.3/avr5\libgcc.a(_exit.o)
 *(.fini0)
                0x000010e6                _etext = .

.data           0x00800060      0x3c2 load address 0x000010e6
                0x00800060                PROVIDE (__data_start, .)
 *(.data)
 .data          0x00800060        0x0 f:/courses/imt course/02-tools/03-imt sdk/03- imt sdk/imt_sdk_win_64/winavr/bin/../lib/gcc/avr/4.3.3/../../../../avr/lib/avr5/crtm32.o
 .data          0x00800060      0x231 ./App.o
 .data          0x00800291        0x0 ./BUZZER_program.o
 .data          0x00800291        0x0 ./DIO_program.o
 .data          0x00800291        0x0 ./DOOR_program.o
 .data          0x00800291        0x0 ./FAN_program.o
 .data          0x00800291        0x0 ./Timer0_program.o
 .data          0x00800291        0x0 ./Timer1_program.o
 .data          0x00800291        0x0 ./USART_program.o
 .data          0x00800291        0x0 f:/courses/imt course/02-tools/03-imt sdk/03- imt sdk/imt_sdk_win_64/winavr/bin/../lib/gcc/avr/4.3.3/avr5\libgcc.a(_exit.o)
 .data          0x00800291        0x0 f:/courses/imt course/02-tools/03-imt sdk/03- imt sdk/imt_sdk_win_64/winavr/bin/../lib/gcc/avr/4.3.3/avr5\libgcc.a(_copy_data.o)
 .data          0x00800291        0x0 f:/courses/imt course/02-tools/03-imt sdk/03- imt sdk/imt_sdk_win_64/winavr/bin/../lib/gcc/avr/4.3.3/avr5\libgcc.a(_clear_bss.o)
 *(.data*)
 .data.UsersArray
                0x00800291       0xc8 ./App.o
                0x00800291                UsersArray
 .data.UsersArrayPass
                0x00800359       0xc8 ./App.o
                0x00800359                UsersArrayPass
 *(.rodata)
 *(.rodata*)
 *(.gnu.linkonce.d*)
                0x00800422                . = ALIGN (0x2)
 *fill*         0x00800421        0x1 00
                0x00800422                _edata = .
                0x00800422                PROVIDE (__data_end, .)

.bss            0x00800422        0xc
                0x00800422                PROVIDE (__bss_start, .)
 *(.bss)
 .bss           0x00800422        0x0 f:/courses/imt course/02-tools/03-imt sdk/03- imt sdk/imt_sdk_win_64/winavr/bin/../lib/gcc/avr/4.3.3/../../../../avr/lib/avr5/crtm32.o
 .bss           0x00800422        0x0 ./App.o
 .bss           0x00800422        0x0 ./BUZZER_program.o
 .bss           0x00800422        0x0 ./DIO_program.o
 .bss           0x00800422        0x0 ./DOOR_program.o
 .bss           0x00800422        0x0 ./FAN_program.o
 .bss           0x00800422        0x0 ./Timer0_program.o
 .bss           0x00800422        0x0 ./Timer1_program.o
 .bss           0x00800422        0x0 ./USART_program.o
 .bss           0x00800422        0x0 f:/courses/imt course/02-tools/03-imt sdk/03- imt sdk/imt_sdk_win_64/winavr/bin/../lib/gcc/avr/4.3.3/avr5\libgcc.a(_exit.o)
 .bss           0x00800422        0x0 f:/courses/imt course/02-tools/03-imt sdk/03- imt sdk/imt_sdk_win_64/winavr/bin/../lib/gcc/avr/4.3.3/avr5\libgcc.a(_copy_data.o)
 .bss           0x00800422        0x0 f:/courses/imt course/02-tools/03-imt sdk/03- imt sdk/imt_sdk_win_64/winavr/bin/../lib/gcc/avr/4.3.3/avr5\libgcc.a(_clear_bss.o)
 *(.bss*)
 .bss.GTimer0_voidCallBack
                0x00800422        0x2 ./Timer0_program.o
                0x00800422                GTimer0_voidCallBack
 .bss.Local_u32CTC_Counter.1250
                0x00800424        0x4 ./Timer0_program.o
 .bss.Local_u32OF_Counter.1264
                0x00800428        0x4 ./Timer0_program.o
 *(COMMON)
 COMMON         0x0080042c        0x2 ./USART_program.o
                0x0080042c                ADC_CallBack
                0x0080042e                PROVIDE (__bss_end, .)
                0x000010e6                __data_load_start = LOADADDR (.data)
                0x000014a8                __data_load_end = (__data_load_start + SIZEOF (.data))

.noinit         0x0080042e        0x0
                0x0080042e                PROVIDE (__noinit_start, .)
 *(.noinit*)
                0x0080042e                PROVIDE (__noinit_end, .)
                0x0080042e                _end = .
                0x0080042e                PROVIDE (__heap_start, .)

.eeprom         0x00810000        0x0
 *(.eeprom*)
                0x00810000                __eeprom_end = .

.fuse
 *(.fuse)
 *(.lfuse)
 *(.hfuse)
 *(.efuse)

.lock
 *(.lock*)

.signature
 *(.signature*)

.stab           0x00000000     0x1c80
 *(.stab)
 .stab          0x00000000      0x8b8 ./App.o
 .stab          0x000008b8      0x1a4 ./BUZZER_program.o
                                0x240 (size before relaxing)
 .stab          0x00000a5c      0x66c ./DIO_program.o
                                0x708 (size before relaxing)
 .stab          0x000010c8      0x180 ./DOOR_program.o
                                0x21c (size before relaxing)
 .stab          0x00001248      0x15c ./FAN_program.o
                                0x1f8 (size before relaxing)
 .stab          0x000013a4      0x36c ./Timer0_program.o
                                0x408 (size before relaxing)
 .stab          0x00001710      0x1f8 ./Timer1_program.o
                                0x294 (size before relaxing)
 .stab          0x00001908      0x378 ./USART_program.o
                                0x414 (size before relaxing)

.stabstr        0x00000000      0xfaf
 *(.stabstr)
 .stabstr       0x00000000      0xfaf ./App.o

.stab.excl
 *(.stab.excl)

.stab.exclstr
 *(.stab.exclstr)

.stab.index
 *(.stab.index)

.stab.indexstr
 *(.stab.indexstr)

.comment
 *(.comment)

.debug
 *(.debug)

.line
 *(.line)

.debug_srcinfo
 *(.debug_srcinfo)

.debug_sfnames
 *(.debug_sfnames)

.debug_aranges
 *(.debug_aranges)

.debug_pubnames
 *(.debug_pubnames)

.debug_info
 *(.debug_info)
 *(.gnu.linkonce.wi.*)

.debug_abbrev
 *(.debug_abbrev)

.debug_line
 *(.debug_line)

.debug_frame
 *(.debug_frame)

.debug_str
 *(.debug_str)

.debug_loc
 *(.debug_loc)

.debug_macinfo
 *(.debug_macinfo)
OUTPUT(Bluetooth.elf elf32-avr)
LOAD linker stubs
